[ 2026-01-28 16:23:47,777 ] 65 root - INFO - Performed train test split on the dataframe
[ 2026-01-28 16:23:47,778 ] 67 root - INFO - Exited split_data_as_train_test method of Data Ingestion class
[ 2026-01-28 16:23:47,860 ] 76 root - INFO - Exported train and test file path
[ 2026-01-28 16:23:47,863 ] 19 root - INFO - Data Ingestion completed successfully
[ 2026-01-28 16:23:47,873 ] 23 root - INFO - Initiate the data Validation
[ 2026-01-28 16:23:47,998 ] 33 root - INFO - Required number of columns:2
[ 2026-01-28 16:23:47,998 ] 34 root - INFO - Data frame has columns:31
[ 2026-01-28 16:23:48,008 ] 33 root - INFO - Required number of columns:2
[ 2026-01-28 16:23:48,008 ] 34 root - INFO - Data frame has columns:31
[ 2026-01-28 16:23:48,195 ] 25 root - INFO - data Validation Completed
[ 2026-01-28 16:23:48,195 ] 29 root - INFO - data Transformation started
[ 2026-01-28 16:23:48,197 ] 63 root - INFO - Entered initiate_data_transformation method of DataTransformation class
[ 2026-01-28 16:23:48,197 ] 65 root - INFO - Starting data transformation
[ 2026-01-28 16:23:48,244 ] 48 root - INFO - Entered get_data_trnasformer_object method of Trnasformation class
[ 2026-01-28 16:23:48,244 ] 53 root - INFO - Initialise KNNImputer with {'missing_values': nan, 'n_neighbors': 3, 'weights': 'uniform'}
[ 2026-01-28 16:23:48,272 ] 46 root - INFO - Entered the save_object method of MainUtils class
[ 2026-01-28 16:23:48,276 ] 50 root - INFO - Exited the save_object method of MainUtils class
[ 2026-01-28 16:23:48,276 ] 46 root - INFO - Entered the save_object method of MainUtils class
[ 2026-01-28 16:23:48,281 ] 50 root - INFO - Exited the save_object method of MainUtils class
[ 2026-01-28 16:23:48,282 ] 33 root - INFO - data Transformation completed
[ 2026-01-28 16:23:48,282 ] 36 root - INFO - Model Training sstared
[ 2026-01-28 16:28:49,481 ] 46 root - INFO - Entered the save_object method of MainUtils class
[ 2026-01-28 16:28:49,483 ] 50 root - INFO - Exited the save_object method of MainUtils class
[ 2026-01-28 16:28:49,483 ] 46 root - INFO - Entered the save_object method of MainUtils class
[ 2026-01-28 16:28:49,530 ] 50 root - INFO - Exited the save_object method of MainUtils class
[ 2026-01-28 16:28:49,530 ] 151 root - INFO - Model trainer artifact: ModelTrainerArtifact(trained_model_file_path='Artifacts\\01_28_2026_16_23_39\\model_trainer\\trained_model\\model.pkl', train_metric_artifact=ClassificationMetricArtifact(f1_score=0.9905631659056316, precision_score=0.9866585809581565, recall_score=0.9944987775061125), test_metric_artifact=ClassificationMetricArtifact(f1_score=0.9751086527064401, precision_score=0.9625585023400937, recall_score=0.9879903923138511))
[ 2026-01-28 16:28:49,534 ] 41 root - INFO - Model Training artifact created
