[ 2026-02-16 21:59:58,949 ] 65 root - INFO - Performed train test split on the dataframe
[ 2026-02-16 21:59:58,949 ] 67 root - INFO - Exited split_data_as_train_test method of Data Ingestion class
[ 2026-02-16 21:59:59,144 ] 76 root - INFO - Exported train and test file path
[ 2026-02-16 21:59:59,146 ] 19 root - INFO - Data Ingestion completed successfully
[ 2026-02-16 21:59:59,185 ] 23 root - INFO - Initiate the data Validation
[ 2026-02-16 21:59:59,322 ] 33 root - INFO - Required number of columns:2
[ 2026-02-16 21:59:59,323 ] 34 root - INFO - Data frame has columns:31
[ 2026-02-16 21:59:59,324 ] 33 root - INFO - Required number of columns:2
[ 2026-02-16 21:59:59,324 ] 34 root - INFO - Data frame has columns:31
[ 2026-02-16 21:59:59,676 ] 25 root - INFO - data Validation Completed
[ 2026-02-16 21:59:59,694 ] 29 root - INFO - data Transformation started
[ 2026-02-16 21:59:59,694 ] 63 root - INFO - Entered initiate_data_transformation method of DataTransformation class
[ 2026-02-16 21:59:59,694 ] 65 root - INFO - Starting data transformation
[ 2026-02-16 21:59:59,780 ] 48 root - INFO - Entered get_data_trnasformer_object method of Trnasformation class
[ 2026-02-16 21:59:59,780 ] 53 root - INFO - Initialise KNNImputer with {'missing_values': nan, 'n_neighbors': 3, 'weights': 'uniform'}
[ 2026-02-16 21:59:59,813 ] 46 root - INFO - Entered the save_object method of MainUtils class
[ 2026-02-16 21:59:59,819 ] 50 root - INFO - Exited the save_object method of MainUtils class
[ 2026-02-16 21:59:59,822 ] 33 root - INFO - data Transformation completed
[ 2026-02-16 21:59:59,822 ] 36 root - INFO - Model Training sstared
[ 2026-02-16 22:08:18,389 ] 46 root - INFO - Entered the save_object method of MainUtils class
[ 2026-02-16 22:08:18,391 ] 50 root - INFO - Exited the save_object method of MainUtils class
[ 2026-02-16 22:08:18,391 ] 151 root - INFO - Model trainer artifact: ModelTrainerArtifact(trained_model_file_path='Artifacts\\02_16_2026_21_59_33\\model_trainer\\trained_model\\model.pkl', train_metric_artifact=ClassificationMetricArtifact(f1_score=0.9915487221260564, precision_score=0.9898353323846311, recall_score=0.9932680538555692), test_metric_artifact=ClassificationMetricArtifact(f1_score=0.9719256623171214, precision_score=0.9646781789638933, recall_score=0.9792828685258964))
[ 2026-02-16 22:08:18,396 ] 41 root - INFO - Model Training artifact created
